// Jest Snapshot v1, https://goo.gl/fbAQLP

exports[`renders correctly 1`] = `
<RNCSafeAreaProvider
  onInsetsChange={[Function]}
  style={
    [
      {
        "flex": 1,
      },
      undefined,
    ]
  }
>
  <View
    accessible={true}
    collapsable={false}
    dataSet={{}}
    focusable={true}
    onBlur={[Function]}
    onClick={[Function]}
    onFocus={[Function]}
    onResponderGrant={[Function]}
    onResponderMove={[Function]}
    onResponderRelease={[Function]}
    onResponderTerminate={[Function]}
    onResponderTerminationRequest={[Function]}
    onStartShouldSetResponder={[Function]}
    style={{}}
  >
    <View
      dataSet={{}}
      style={
        [
          {
            "backgroundColor": "#f3f4f6",
            "borderColor": "#22d3ee",
            "borderRadius": 8,
            "borderWidth": 2,
            "flexDirection": "row",
            "height": 132,
            "justifyContent": "space-between",
            "paddingBottom": "6%",
            "paddingLeft": "6%",
            "paddingRight": "6%",
            "paddingTop": "6%",
          },
          {
            "transform": [
              {
                "scale": 1,
              },
            ],
          },
        ]
      }
    >
      <View
        dataSet={{}}
        style={
          {
            "maxWidth": "70%",
          }
        }
      >
        <Text
          dataSet={{}}
          style={
            {
              "backgroundColor": undefined,
              "color": "#171717",
              "fontFamily": undefined,
              "fontSize": 20,
              "fontStyle": "normal",
              "fontWeight": "500",
              "letterSpacing": 0,
              "lineHeight": 30,
              "textDecorationLine": undefined,
            }
          }
        >
          test
        </Text>
        <View
          dataSet={{}}
          style={{}}
        />
        <Text
          dataSet={{}}
          style={
            {
              "backgroundColor": undefined,
              "color": "#9ca3af",
              "fontFamily": undefined,
              "fontSize": 14,
              "fontStyle": "normal",
              "fontWeight": "regular",
              "letterSpacing": 0,
              "lineHeight": 21,
              "textDecorationLine": undefined,
            }
          }
        >
          test
        </Text>
      </View>
      <View
        dataSet={{}}
        style={{}}
      />
      <View
        dataSet={{}}
        style={
          {
            "alignItems": "center",
            "display": "flex",
            "justifyContent": "center",
          }
        }
      >
        <RNSVGSvgView
          accessibilityRole="image"
          align="xMidYMid"
          bbHeight={32}
          bbWidth={32}
          color={4280472558}
          dataSet={{}}
          focusable={false}
          meetOrSlice={0}
          minX={0}
          minY={0}
          stroke=""
          style={
            [
              {
                "backgroundColor": "transparent",
                "borderWidth": 0,
              },
              {
                "color": "#22d3ee",
                "height": 32,
                "width": 32,
              },
              {
                "flex": 0,
                "height": 32,
                "width": 32,
              },
            ]
          }
          tintColor={4280472558}
          vbHeight={20}
          vbWidth={20}
        >
          <RNSVGGroup
            propList={
              [
                "stroke",
              ]
            }
            stroke={null}
          >
            <RNSVGGroup>
              <RNSVGPath
                d="M11.25 8.75V0H8.75V8.75H0V11.25H8.75V20H11.25V11.25H20V8.75H11.25Z"
                fill={
                  [
                    2,
                  ]
                }
                propList={
                  [
                    "fill",
                    "stroke",
                  ]
                }
                stroke={null}
              />
            </RNSVGGroup>
          </RNSVGGroup>
        </RNSVGSvgView>
      </View>
    </View>
  </View>
</RNCSafeAreaProvider>
`;
