// Jest Snapshot v1, https://goo.gl/fbAQLP

exports[`renders correctly 1`] = `
<RNCSafeAreaProvider
  onInsetsChange={[Function]}
  style={
    [
      {
        "flex": 1,
      },
      undefined,
    ]
  }
>
  <RNCSafeAreaProvider
    onInsetsChange={[Function]}
    style={
      [
        {
          "flex": 1,
        },
        undefined,
      ]
    }
  >
    <View
      dataSet={{}}
      style={
        {
          "flexDirection": "column",
        }
      }
    >
      <View
        dataSet={{}}
        style={
          {
            "flexDirection": "row",
            "justifyContent": "flex-start",
            "marginBottom": 4,
            "marginTop": 4,
          }
        }
      >
        <Text
          dataSet={{}}
          style={
            {
              "backgroundColor": undefined,
              "color": "#737373",
              "fontFamily": undefined,
              "fontSize": 14,
              "fontStyle": "normal",
              "fontWeight": "500",
              "letterSpacing": 0,
              "lineHeight": 21,
              "textDecorationLine": undefined,
            }
          }
        >
          test
        </Text>
      </View>
      <View
        dataSet={{}}
        style={{}}
      />
      <View
        dataSet={{}}
        isFocused={false}
        style={
          {
            "alignItems": "center",
            "borderColor": "#d4d4d4",
            "borderRadius": 4,
            "borderWidth": 1,
            "flexDirection": "row",
            "overflow": "hidden",
          }
        }
      >
        <TextInput
          accessible={true}
          dataSet={{}}
          editable={true}
          label="test"
          onBlur={[Function]}
          onChangeText={[Function]}
          onFocus={[Function]}
          onKeyPress={[Function]}
          placeholderTextColor="#a3a3a3"
          secureTextEntry={true}
          selectionColor="#1f2937"
          style={
            {
              "backgroundColor": "transparent",
              "color": "#171717",
              "flex": 1,
              "fontFamily": undefined,
              "fontSize": 12,
              "fontStyle": "normal",
              "fontWeight": "400",
              "paddingBottom": 8,
              "paddingLeft": 8,
              "paddingRight": 8,
              "paddingTop": 8,
              "width": "100%",
            }
          }
        />
        <View
          dataSet={{}}
          style={{}}
        />
        <View
          accessible={true}
          collapsable={false}
          dataSet={{}}
          focusable={true}
          onBlur={[Function]}
          onClick={[Function]}
          onFocus={[Function]}
          onResponderGrant={[Function]}
          onResponderMove={[Function]}
          onResponderRelease={[Function]}
          onResponderTerminate={[Function]}
          onResponderTerminationRequest={[Function]}
          onStartShouldSetResponder={[Function]}
          style={{}}
        >
          <Text />
        </View>
      </View>
    </View>
  </RNCSafeAreaProvider>
</RNCSafeAreaProvider>
`;
